// Jest Snapshot v1, https://goo.gl/fbAQLP

exports[`renders correctly 1`] = `
<View
  style={
    Object {
      "backgroundColor": "#fff",
      "marginBottom": 25,
      "marginHorizontal": 20,
      "paddingHorizontal": 15,
    }
  }
/>
`;
