// Jest Snapshot v1, https://goo.gl/fbAQLP

exports[`renders correctly 1`] = `
<Modal
  animationType="slide"
  hardwareAccelerated={false}
  transparent={true}
  visible={true}
>
  <View
    style={
      Object {
        "flex": 1,
        "justifyContent": "center",
      }
    }
  >
    <View
      style={
        Object {
          "backgroundColor": "black",
          "paddingVertical": 30,
        }
      }
    >
      <Text
        style={
          Object {
            "color": "#fff",
            "fontSize": 25,
            "marginBottom": 30,
            "paddingRight": 50,
            "textAlign": "center",
          }
        }
      >
         
        hello modal
      </Text>
      <View
        style={
          Object {
            "flexDirection": "row",
            "justifyContent": "center",
          }
        }
      >
        <View
          accessible={true}
          collapsable={false}
          focusable={true}
          nativeID="animatedComponent"
          onClick={[Function]}
          onResponderGrant={[Function]}
          onResponderMove={[Function]}
          onResponderRelease={[Function]}
          onResponderTerminate={[Function]}
          onResponderTerminationRequest={[Function]}
          onStartShouldSetResponder={[Function]}
          style={
            Object {
              "backgroundColor": "red",
              "borderColor": "black",
              "borderRadius": 10,
              "borderStyle": "solid",
              "borderWidth": 1,
              "marginHorizontal": 20,
              "opacity": 1,
            }
          }
        >
          <Text
            style={
              Object {
                "color": "#fff",
                "fontSize": 19,
                "fontWeight": "bold",
                "letterSpacing": 1,
                "padding": 10,
                "textAlign": "center",
              }
            }
          >
            <Text
              allowFontScaling={false}
              style={
                Array [
                  Object {
                    "color": undefined,
                    "fontSize": 33,
                  },
                  undefined,
                  Object {
                    "fontFamily": "Material Icons",
                    "fontStyle": "normal",
                    "fontWeight": "normal",
                  },
                  Object {},
                ]
              }
            >
              
            </Text>
          </Text>
        </View>
        <View
          accessible={true}
          collapsable={false}
          focusable={true}
          nativeID="animatedComponent"
          onClick={[Function]}
          onResponderGrant={[Function]}
          onResponderMove={[Function]}
          onResponderRelease={[Function]}
          onResponderTerminate={[Function]}
          onResponderTerminationRequest={[Function]}
          onStartShouldSetResponder={[Function]}
          style={
            Object {
              "backgroundColor": "green",
              "borderColor": "black",
              "borderRadius": 10,
              "borderStyle": "solid",
              "borderWidth": 1,
              "marginHorizontal": 20,
              "opacity": 1,
            }
          }
        >
          <Text
            style={
              Object {
                "color": "#fff",
                "fontSize": 19,
                "fontWeight": "bold",
                "letterSpacing": 1,
                "padding": 10,
                "textAlign": "center",
              }
            }
          >
            <Text
              allowFontScaling={false}
              style={
                Array [
                  Object {
                    "color": undefined,
                    "fontSize": 33,
                  },
                  undefined,
                  Object {
                    "fontFamily": "Material Icons",
                    "fontStyle": "normal",
                    "fontWeight": "normal",
                  },
                  Object {},
                ]
              }
            >
              
            </Text>
          </Text>
        </View>
      </View>
    </View>
  </View>
</Modal>
`;
